C:\Program Files\Microsoft Visual Studio\2022\Community\MSBuild\Microsoft\VC\v170\Microsoft.CppBuild.targets(531,5): warning MSB8028: The intermediate directory (x64\Release\) contains files shared from another project (Blank Project.vcxproj).  This can lead to incorrect clean and rebuild behavior.
  main.cpp
C:\Games and Stuf\Coding\RayLib\Peachester\Peachester\Blank Project\font.hpp(83,40): warning C4244: '+=': conversion from 'float' to 'int', possible loss of data
  (compiling source file 'main.cpp')
  
C:\Games and Stuf\Coding\RayLib\Peachester\Peachester\Blank Project\grid.hpp(30,17): warning C4244: 'initializing': conversion from 'float' to 'int', possible loss of data
  (compiling source file 'main.cpp')
  
C:\Games and Stuf\Coding\RayLib\Peachester\Peachester\Blank Project\fightMenu.hpp(633,22): warning C4305: 'initializing': truncation from 'double' to 'float'
  (compiling source file 'main.cpp')
  
C:\Games and Stuf\Coding\RayLib\Peachester\Peachester\Blank Project\fightMenu.hpp(999,21): warning C4244: '=': conversion from 'int' to 'float', possible loss of data
  (compiling source file 'main.cpp')
  
C:\Games and Stuf\Coding\RayLib\Peachester\Peachester\Blank Project\fightMenu.hpp(1000,22): warning C4244: '=': conversion from 'int' to 'float', possible loss of data
  (compiling source file 'main.cpp')
  
C:\Games and Stuf\Coding\RayLib\Peachester\Peachester\Blank Project\fightMenu.hpp(1022,39): warning C4244: 'argument': conversion from 'float' to 'int', possible loss of data
  (compiling source file 'main.cpp')
  
C:\Games and Stuf\Coding\RayLib\Peachester\Peachester\Blank Project\fightMenu.hpp(1022,26): warning C4244: 'argument': conversion from 'float' to 'int', possible loss of data
  (compiling source file 'main.cpp')
  
C:\Games and Stuf\Coding\RayLib\Peachester\Peachester\Blank Project\fightMenu.hpp(1067,20): warning C4244: '=': conversion from 'float' to 'unsigned char', possible loss of data
  (compiling source file 'main.cpp')
  
C:\Games and Stuf\Coding\RayLib\Peachester\Peachester\Blank Project\fightMenu.hpp(1068,31): warning C4244: 'argument': conversion from 'float' to 'int', possible loss of data
  (compiling source file 'main.cpp')
  
C:\Games and Stuf\Coding\RayLib\Peachester\Peachester\Blank Project\fightMenu.hpp(1069,29): warning C4244: 'argument': conversion from 'float' to 'int', possible loss of data
  (compiling source file 'main.cpp')
  
C:\Games and Stuf\Coding\RayLib\Peachester\Peachester\Blank Project\fightMenu.hpp(1075,18): warning C4244: 'argument': conversion from 'float' to 'int', possible loss of data
  (compiling source file 'main.cpp')
  
C:\Games and Stuf\Coding\RayLib\Peachester\Peachester\Blank Project\fightMenu.hpp(1076,18): warning C4244: 'argument': conversion from 'float' to 'int', possible loss of data
  (compiling source file 'main.cpp')
  
C:\Games and Stuf\Coding\RayLib\Peachester\Peachester\Blank Project\fightMenu.hpp(1095,27): warning C4838: conversion from 'int' to 'float' requires a narrowing conversion
  (compiling source file 'main.cpp')
  
C:\Games and Stuf\Coding\RayLib\Peachester\Peachester\Blank Project\fightMenu.hpp(1095,27): warning C4244: 'initializing': conversion from 'int' to 'float', possible loss of data
  (compiling source file 'main.cpp')
  
C:\Games and Stuf\Coding\RayLib\Peachester\Peachester\Blank Project\fightMenu.hpp(1095,49): warning C4838: conversion from 'double' to 'float' requires a narrowing conversion
  (compiling source file 'main.cpp')
  
C:\Games and Stuf\Coding\RayLib\Peachester\Peachester\Blank Project\fightMenu.hpp(1095,49): warning C4244: 'initializing': conversion from 'double' to 'float', possible loss of data
  (compiling source file 'main.cpp')
  
C:\Games and Stuf\Coding\RayLib\Peachester\Peachester\Blank Project\fightMenu.hpp(1114,33): warning C4838: conversion from 'int' to 'float' requires a narrowing conversion
  (compiling source file 'main.cpp')
  
C:\Games and Stuf\Coding\RayLib\Peachester\Peachester\Blank Project\fightMenu.hpp(1114,33): warning C4244: 'initializing': conversion from 'int' to 'float', possible loss of data
  (compiling source file 'main.cpp')
  
C:\Games and Stuf\Coding\RayLib\Peachester\Peachester\Blank Project\fightMenu.hpp(1118,18): warning C4244: 'initializing': conversion from 'float' to 'int', possible loss of data
  (compiling source file 'main.cpp')
  
C:\Games and Stuf\Coding\RayLib\Peachester\Peachester\Blank Project\fightMenu.hpp(1119,48): warning C4838: conversion from 'int' to 'float' requires a narrowing conversion
  (compiling source file 'main.cpp')
  
C:\Games and Stuf\Coding\RayLib\Peachester\Peachester\Blank Project\fightMenu.hpp(1119,48): warning C4244: 'initializing': conversion from 'int' to 'float', possible loss of data
  (compiling source file 'main.cpp')
  
C:\Games and Stuf\Coding\RayLib\Peachester\Peachester\Blank Project\fightMenu.hpp(1120,50): warning C4838: conversion from 'int' to 'float' requires a narrowing conversion
  (compiling source file 'main.cpp')
  
C:\Games and Stuf\Coding\RayLib\Peachester\Peachester\Blank Project\fightMenu.hpp(1120,50): warning C4244: 'initializing': conversion from 'int' to 'float', possible loss of data
  (compiling source file 'main.cpp')
  
C:\Games and Stuf\Coding\RayLib\Peachester\Peachester\Blank Project\fightMenu.hpp(1121,49): warning C4838: conversion from 'int' to 'float' requires a narrowing conversion
  (compiling source file 'main.cpp')
  
C:\Games and Stuf\Coding\RayLib\Peachester\Peachester\Blank Project\fightMenu.hpp(1121,49): warning C4244: 'initializing': conversion from 'int' to 'float', possible loss of data
  (compiling source file 'main.cpp')
  
C:\Games and Stuf\Coding\RayLib\Peachester\Peachester\Blank Project\fightMenu.hpp(1139,33): warning C4838: conversion from 'int' to 'float' requires a narrowing conversion
  (compiling source file 'main.cpp')
  
C:\Games and Stuf\Coding\RayLib\Peachester\Peachester\Blank Project\fightMenu.hpp(1139,33): warning C4244: 'initializing': conversion from 'int' to 'float', possible loss of data
  (compiling source file 'main.cpp')
  
C:\Games and Stuf\Coding\RayLib\Peachester\Peachester\Blank Project\fightMenu.hpp(1143,18): warning C4244: 'initializing': conversion from 'float' to 'int', possible loss of data
  (compiling source file 'main.cpp')
  
C:\Games and Stuf\Coding\RayLib\Peachester\Peachester\Blank Project\fightMenu.hpp(1144,48): warning C4838: conversion from 'int' to 'float' requires a narrowing conversion
  (compiling source file 'main.cpp')
  
C:\Games and Stuf\Coding\RayLib\Peachester\Peachester\Blank Project\fightMenu.hpp(1144,48): warning C4244: 'initializing': conversion from 'int' to 'float', possible loss of data
  (compiling source file 'main.cpp')
  
C:\Games and Stuf\Coding\RayLib\Peachester\Peachester\Blank Project\fightMenu.hpp(1145,50): warning C4838: conversion from 'int' to 'float' requires a narrowing conversion
  (compiling source file 'main.cpp')
  
C:\Games and Stuf\Coding\RayLib\Peachester\Peachester\Blank Project\fightMenu.hpp(1145,50): warning C4244: 'initializing': conversion from 'int' to 'float', possible loss of data
  (compiling source file 'main.cpp')
  
C:\Games and Stuf\Coding\RayLib\Peachester\Peachester\Blank Project\main.cpp(81,57): warning C4244: 'argument': conversion from 'int' to 'float', possible loss of data
C:\Games and Stuf\Coding\RayLib\Peachester\Peachester\Blank Project\main.cpp(81,44): warning C4244: 'argument': conversion from 'int' to 'float', possible loss of data
  Generating code
  1 of 815 functions ( 0.1%) were compiled, the rest were copied from previous compilation.
    0 functions were new in current compilation
    1 functions had inline decision re-evaluated but remain unchanged
  Finished generating code
  Blank Project.vcxproj -> C:\Games and Stuf\Coding\RayLib\Peachester\Peachester\x64\Release\Peachester.exe
